// Jest Snapshot v1, https://goo.gl/fbAQLP

exports[`A suite should match snapshot 1`] = `
<div>
  Home 
  <br />
  <ul>
    <li>
      <Link
        replace={false}
        to="/ranks"
      >
        Ranks
      </Link>
    </li>
    <li>
      <Link
        replace={false}
        to="/billing"
      >
        Billing
      </Link>
    </li>
  </ul>
</div>
`;
