// Jest Snapshot v1, https://goo.gl/fbAQLP

exports[`A suite render should match snapshot 1`] = `
<div
  className="paypal"
>
  <Script
    attributes={Object {}}
    onCreate={[Function]}
    onError={[Function]}
    onLoad={[Function]}
    url="https://www.paypalobjects.com/api/checkout.js"
  />
  <div
    id="paypal-button"
  />
  <h1
    className="paypal-status"
  >
    STATUS: 
    ready to paypal
     
  </h1>
  <span
    className="payment-detail"
  >
    "some payment detail"
  </span>
</div>
`;
