// Jest Snapshot v1, https://goo.gl/fbAQLP

exports[`A suite should match snapshot 1`] = `
<div>
  <div>
    THIS IS HEADER
  </div>
  <div>
    child
  </div>
</div>
`;
